2026-10-05T00:07:10Z UP   equity=810.44 open=0 today=+0.00
2026-10-05T00:17:15Z UP   equity=826.57 open=0 today=+0.00
2026-10-05T00:27:19Z UP   equity=889.54 open=0 today=+0.00
2026-10-05T00:37:24Z UP   equity=884.82 open=0 today=+0.00
2026-10-05T00:47:28Z UP   equity=884.82 open=0 today=+0.00
2026-10-05T00:57:33Z UP   equity=884.82 open=0 today=+0.00
2026-10-05T01:07:38Z UP   equity=892.73 open=2 today=+0.00
2026-10-05T01:17:42Z UP   equity=871.68 open=0 today=-7.89
2026-10-05T01:27:47Z UP   equity=863.70 open=0 today=-7.89
2026-10-05T01:37:52Z UP   equity=863.70 open=0 today=-7.89
2026-10-05T01:47:57Z UP   equity=863.70 open=0 today=-7.89
2026-10-05T01:58:02Z UP   equity=864.94 open=0 today=-7.89
2026-10-05T02:08:07Z UP   equity=856.45 open=0 today=-7.89
2026-10-05T02:18:12Z UP   equity=851.05 open=0 today=-7.89
2026-10-05T02:28:16Z UP   equity=851.05 open=0 today=-7.89
2026-10-05T02:38:21Z UP   equity=871.29 open=1 today=-7.89
2026-10-05T02:48:26Z UP   equity=867.17 open=1 today=-7.89
2026-10-05T02:58:30Z UP   equity=852.75 open=0 today=-10.73
2026-10-05T03:08:35Z UP   equity=849.68 open=0 today=-26.31
2026-10-05T03:18:40Z UP   equity=849.20 open=0 today=-26.31
2026-10-05T03:28:45Z UP   equity=842.28 open=0 today=-26.31
2026-10-05T03:38:50Z UP   equity=833.90 open=0 today=-26.31
2026-10-05T03:48:54Z UP   equity=833.90 open=0 today=-26.31
2026-10-05T03:58:59Z UP   equity=833.90 open=0 today=-26.31
2026-10-05T04:09:03Z UP   equity=833.90 open=0 today=-26.31
2026-10-05T04:19:08Z UP   equity=833.90 open=0 today=-26.31
2026-10-05T04:29:13Z UP   equity=825.99 open=0 today=-26.31
2026-10-05T04:39:18Z UP   equity=825.99 open=0 today=-26.31
2026-10-05T04:49:22Z UP   equity=825.99 open=0 today=-26.31
2026-10-05T04:59:27Z UP   equity=825.99 open=0 today=-26.31
2026-10-05T05:09:32Z UP   equity=825.99 open=0 today=-26.31
2026-10-05T05:19:36Z UP   equity=834.26 open=0 today=-26.31
2026-10-05T05:29:41Z UP   equity=834.59 open=0 today=-26.31
2026-10-05T05:39:46Z UP   equity=831.57 open=0 today=-26.31
2026-10-05T05:49:50Z UP   equity=831.57 open=0 today=-26.31
2026-10-05T05:59:55Z UP   equity=827.05 open=0 today=-26.31
2026-10-05T06:10:00Z UP   equity=827.05 open=0 today=-26.31
2026-10-05T06:20:04Z UP   equity=825.18 open=0 today=-26.31
2026-10-05T06:30:10Z UP   equity=825.18 open=0 today=-26.31
2026-10-05T06:40:14Z UP   equity=818.68 open=0 today=-26.31
2026-10-05T06:50:19Z UP   equity=812.97 open=0 today=-26.31
2026-10-05T07:00:24Z UP   equity=812.97 open=0 today=-26.31
2026-10-05T07:10:29Z UP   equity=812.97 open=0 today=-26.31
2026-10-05T07:20:35Z UP   equity=812.97 open=0 today=-26.31
2026-10-05T07:30:40Z UP   equity=804.87 open=0 today=-26.31
2026-10-05T07:40:45Z UP   equity=804.87 open=0 today=-26.31
2026-10-05T07:50:50Z UP   equity=804.87 open=0 today=-26.31
2026-10-05T08:00:55Z UP   equity=797.41 open=0 today=-26.31
2026-10-05T08:11:00Z UP   equity=797.41 open=0 today=-26.31
2026-10-05T08:21:05Z UP   equity=797.41 open=0 today=-26.31
2026-10-05T08:31:10Z UP   equity=797.41 open=0 today=-26.31
2026-10-05T08:41:15Z DOWN trader not answering (last heartbeat 220s ago); watchdog not running (last seen 227s ago); watchdog last said: 2026-10-05T08:17:49.821219+00:00 scalper: started (pid 23207), next retry no sooner than 20s; bridge not answering; MetaTrader terminal running
2026-10-05T08:51:20Z DOWN trader not answering (last heartbeat 826s ago); watchdog not running (last seen 832s ago); watchdog last said: 2026-10-05T08:17:49.821219+00:00 scalper: started (pid 23207), next retry no sooner than 20s; bridge not answering; MetaTrader terminal running
2026-10-05T09:01:24Z DOWN trader not answering (last heartbeat 1430s ago); watchdog not running (last seen 1436s ago); watchdog last said: 2026-10-05T08:17:49.821219+00:00 scalper: started (pid 23207), next retry no sooner than 20s; bridge not answering; MetaTrader terminal running
2026-10-05T09:11:29Z DOWN trader not answering (last heartbeat 2034s ago); watchdog not running (last seen 2041s ago); watchdog last said: 2026-10-05T08:17:49.821219+00:00 scalper: started (pid 23207), next retry no sooner than 20s; bridge not answering; MetaTrader terminal running
2026-10-05T09:21:33Z DOWN trader not answering (last heartbeat 2638s ago); watchdog not running (last seen 2645s ago); watchdog last said: 2026-10-05T08:17:49.821219+00:00 scalper: started (pid 23207), next retry no sooner than 20s; bridge not answering; MetaTrader terminal running
2026-10-05T09:22:31Z DOWN trader not answering (last heartbeat 2696s ago); watchdog not running (last seen 2703s ago); watchdog last said: 2026-10-05T08:17:49.821219+00:00 scalper: started (pid 23207), next retry no sooner than 20s; bridge not answering; MetaTrader terminal running
2026-10-05T09:32:35Z UP   equity=2000.00 open=0 today=+0.00
2026-10-05T09:42:40Z UP   equity=2000.00 open=0 today=+0.00
2026-10-05T09:52:45Z UP   equity=2000.00 open=0 today=+0.00
2026-10-05T10:02:51Z UP   equity=2000.00 open=0 today=+0.00
2026-10-05T10:12:56Z UP   equity=2000.00 open=0 today=+0.00
2026-10-05T10:23:01Z UP   equity=2000.00 open=0 today=+0.00
2026-10-05T10:33:06Z UP   equity=2000.00 open=0 today=+0.00
2026-10-05T10:43:11Z UP   equity=2000.00 open=0 today=+0.00
2026-10-05T10:53:16Z UP   equity=2000.00 open=0 today=+0.00
2026-10-05T11:03:21Z UP   equity=2000.00 open=0 today=+0.00
2026-10-05T11:13:27Z UP   equity=2000.00 open=0 today=+0.00
2026-10-05T11:23:32Z UP   equity=2000.00 open=0 today=+0.00
2026-10-05T11:29:52Z DOWN trader alive (heartbeat 3s ago) but its page is not answering; watchdog alive; watchdog last said: 2026-10-05T09:23:06.280568+00:00 bridge: started (pid 24951), next retry no sooner than 20s; bridge not answering; MetaTrader terminal running
2026-10-05T11:39:58Z UP   equity=2000.00 open=0 today=+0.00
2026-10-05T11:50:02Z UP   equity=2011.70 open=1 today=+0.00
2026-10-05T12:00:08Z UP   equity=2021.60 open=0 today=+21.60
2026-10-05T12:10:14Z UP   equity=2021.60 open=0 today=+21.60
2026-10-05T12:20:19Z UP   equity=2021.60 open=0 today=+21.60
2026-10-05T12:30:25Z UP   equity=2021.60 open=0 today=+21.60
2026-10-05T12:40:31Z UP   equity=2021.60 open=0 today=+21.60
2026-10-05T12:50:37Z UP   equity=2021.60 open=0 today=+21.60
2026-10-05T13:00:42Z UP   equity=2021.60 open=0 today=+21.60
2026-10-05T13:10:48Z UP   equity=2021.60 open=0 today=+21.60
2026-10-05T13:20:53Z UP   equity=2021.60 open=0 today=+21.60
2026-10-05T13:30:58Z UP   equity=2021.60 open=0 today=+21.60
2026-10-05T13:41:04Z UP   equity=2023.05 open=1 today=+21.60
2026-10-05T13:51:10Z UP   equity=2044.93 open=0 today=+44.93
2026-10-05T14:01:15Z UP   equity=2044.93 open=0 today=+44.93
2026-10-05T14:11:21Z UP   equity=2051.65 open=1 today=+44.93
2026-10-05T14:21:26Z UP   equity=2070.38 open=1 today=+61.29
2026-10-05T14:31:32Z UP   equity=2067.47 open=0 today=+67.47
2026-10-05T14:41:37Z UP   equity=2067.47 open=0 today=+67.47
2026-10-05T14:51:43Z UP   equity=2067.47 open=0 today=+67.47
2026-10-05T15:01:48Z UP   equity=2067.47 open=0 today=+67.47
2026-10-05T15:11:55Z UP   equity=2067.47 open=0 today=+67.47
2026-10-05T15:22:01Z UP   equity=2067.47 open=0 today=+67.47
2026-10-05T15:28:06Z DOWN trader alive (heartbeat 0s ago) but its page is not answering; watchdog alive; watchdog last said: 2026-10-05T13:11:15.927189+00:00 scalper: started (pid 33434), next retry no sooner than 20s; bridge not answering; MetaTrader terminal running
2026-10-05T15:38:12Z UP   equity=2067.47 open=0 today=+67.47
2026-10-05T15:48:19Z UP   equity=2067.47 open=0 today=+67.47
2026-10-05T15:58:24Z UP   equity=2067.47 open=0 today=+67.47
2026-10-05T16:08:30Z UP   equity=2067.47 open=0 today=+67.47
2026-10-05T16:18:35Z UP   equity=2067.47 open=0 today=+67.47
2026-10-05T16:28:41Z UP   equity=2067.47 open=0 today=+67.47
2026-10-05T16:38:47Z UP   equity=2067.47 open=0 today=+67.47
2026-10-05T17:09:58Z UP   equity=2067.47 open=0 today=+67.47
2026-10-05T17:20:03Z UP   equity=2067.47 open=0 today=+67.47
2026-10-05T17:30:10Z UP   equity=2067.47 open=0 today=+67.47
2026-10-05T17:40:16Z UP   equity=2067.47 open=0 today=+67.47
2026-10-05T17:50:22Z UP   equity=2067.47 open=0 today=+67.47
2026-10-05T18:00:28Z UP   equity=2067.47 open=0 today=+67.47
2026-10-05T18:10:34Z UP   equity=2067.47 open=0 today=+67.47
2026-10-05T18:20:39Z UP   equity=2067.47 open=0 today=+67.47
2026-10-05T18:30:45Z UP   equity=2067.47 open=0 today=+67.47
2026-10-05T18:40:51Z UP   equity=2067.47 open=0 today=+67.47
2026-10-05T18:50:57Z UP   equity=2067.47 open=0 today=+67.47
2026-10-05T19:01:02Z UP   equity=2067.47 open=0 today=+67.47
2026-10-05T19:11:08Z UP   equity=2067.47 open=0 today=+67.47
2026-10-05T19:21:15Z UP   equity=2067.47 open=0 today=+67.47
2026-10-05T19:31:20Z UP   equity=2067.47 open=0 today=+67.47
2026-10-05T19:41:26Z UP   equity=2067.47 open=0 today=+67.47
2026-10-05T19:51:31Z UP   equity=2067.47 open=0 today=+67.47
2026-10-05T20:01:36Z UP   equity=2067.47 open=0 today=+67.47
2026-10-05T20:11:42Z UP   equity=2067.47 open=0 today=+67.47
2026-10-05T20:21:48Z UP   equity=2067.47 open=0 today=+67.47
2026-10-05T20:31:53Z UP   equity=2067.47 open=0 today=+67.47
