2026-03-12 20:41:36,542 [INFO] Starting Gmail → Google Sheets automation...
2026-03-12 20:41:36,542 [INFO] Monitoring: regenmarketing26@gmail.com
2026-03-12 20:41:36,542 [INFO] Sender filter: R.healey@arkleinsolvency.co.uk
2026-03-12 20:41:36,542 [INFO] Target sheet: UKDT Automation
2026-03-12 20:41:36,542 [INFO] Poll interval: 60s
2026-03-12 20:41:36,542 [INFO] Starting OAuth2 flow — browser will open for authorisation...
2026-03-12 20:41:36,867 [INFO] Please visit this URL to authorize this application: https://accounts.google.com/o/oauth2/auth?response_type=code&client_id=698753281448-33hkqht01ogq3f3a5lpvi61c0gr1u42f.apps.googleusercontent.com&redirect_uri=http%3A%2F%2Flocalhost%3A55857%2F&scope=https%3A%2F%2Fwww.googleapis.com%2Fauth%2Fgmail.readonly+https%3A%2F%2Fwww.googleapis.com%2Fauth%2Fspreadsheets&state=MwtfDtRSVk7XhululwmJBIGGGWkguk&code_challenge=1N25q3EsbslL6UWEgC2UJZcwZr4qynPRwiPtcniunKc&code_challenge_method=S256&access_type=offline
2026-03-12 20:45:27,044 [INFO] Starting Gmail → Google Sheets automation...
2026-03-12 20:45:27,045 [INFO] Monitoring: regenmarketing26@gmail.com
2026-03-12 20:45:27,045 [INFO] Sender filter: R.healey@arkleinsolvency.co.uk
2026-03-12 20:45:27,045 [INFO] Target sheet: UKDT Automation
2026-03-12 20:45:27,045 [INFO] Poll interval: 60s
2026-03-12 20:45:27,045 [INFO] Starting OAuth2 flow — browser will open for authorisation...
2026-03-12 20:45:27,345 [INFO] Please visit this URL to authorize this application: https://accounts.google.com/o/oauth2/auth?response_type=code&client_id=698753281448-33hkqht01ogq3f3a5lpvi61c0gr1u42f.apps.googleusercontent.com&redirect_uri=http%3A%2F%2Flocalhost%3A55878%2F&scope=https%3A%2F%2Fwww.googleapis.com%2Fauth%2Fgmail.readonly+https%3A%2F%2Fwww.googleapis.com%2Fauth%2Fspreadsheets&state=6iMkjU6HLrFbKjiNBDTOwZg02DNcLW&code_challenge=Fut_1vpB40PR-GCAXFYADTnVe8Pbhn3SKKtjJJoRays&code_challenge_method=S256&access_type=offline
2026-03-12 20:48:21,499 [INFO] Starting Gmail → Google Sheets automation...
2026-03-12 20:48:21,500 [INFO] Monitoring: regenmarketing26@gmail.com
2026-03-12 20:48:21,500 [INFO] Sender filter: R.healey@arkleinsolvency.co.uk
2026-03-12 20:48:21,500 [INFO] Target sheet: UKDT Automation
2026-03-12 20:48:21,500 [INFO] Poll interval: 60s
2026-03-12 20:48:21,500 [INFO] Starting OAuth2 flow — browser will open for authorisation...
2026-03-12 20:48:21,746 [INFO] Please visit this URL to authorize this application: https://accounts.google.com/o/oauth2/auth?response_type=code&client_id=698753281448-33hkqht01ogq3f3a5lpvi61c0gr1u42f.apps.googleusercontent.com&redirect_uri=http%3A%2F%2Flocalhost%3A55908%2F&scope=https%3A%2F%2Fwww.googleapis.com%2Fauth%2Fgmail.readonly+https%3A%2F%2Fwww.googleapis.com%2Fauth%2Fspreadsheets&state=wuwOUdryR83hRWSHOdFbuUdiJCw8gr&code_challenge=U5_b1GE43uNOCDp-MhHKQm33aHPDJ3LJdG2bv2tMTA4&code_challenge_method=S256&access_type=offline
2026-03-12 20:50:31,786 [INFO] Starting Gmail → Google Sheets automation...
2026-03-12 20:50:31,786 [INFO] Monitoring: regenmarketing26@gmail.com
2026-03-12 20:50:31,786 [INFO] Sender filter: R.healey@arkleinsolvency.co.uk
2026-03-12 20:50:31,786 [INFO] Target sheet: UKDT Automation
2026-03-12 20:50:31,786 [INFO] Poll interval: 60s
2026-03-12 20:50:31,786 [INFO] Starting OAuth2 flow — browser will open for authorisation...
2026-03-12 20:50:32,004 [INFO] Please visit this URL to authorize this application: https://accounts.google.com/o/oauth2/auth?response_type=code&client_id=698753281448-33hkqht01ogq3f3a5lpvi61c0gr1u42f.apps.googleusercontent.com&redirect_uri=http%3A%2F%2Flocalhost%3A55924%2F&scope=https%3A%2F%2Fwww.googleapis.com%2Fauth%2Fgmail.readonly+https%3A%2F%2Fwww.googleapis.com%2Fauth%2Fspreadsheets&state=aCWYI0LGiIcHDn6mzZMukOQSoBlQkt&code_challenge=KxJJsbeaqE6KBDyoz6PgrgsR7LoEFePu3dXoar0Hgqc&code_challenge_method=S256&access_type=offline
2026-03-12 20:57:25,869 [INFO] Starting Gmail → Google Sheets automation...
2026-03-12 20:57:25,869 [INFO] Monitoring: regenmarketing26@gmail.com
2026-03-12 20:57:25,869 [INFO] Sender filter: R.healey@arkleinsolvency.co.uk
2026-03-12 20:57:25,869 [INFO] Target sheet: UKDT Automation
2026-03-12 20:57:25,869 [INFO] Poll interval: 60s
2026-03-12 20:57:25,869 [INFO] Starting OAuth2 flow — browser will open for authorisation...
2026-03-12 20:57:26,045 [INFO] Please visit this URL to authorize this application: https://accounts.google.com/o/oauth2/auth?response_type=code&client_id=698753281448-a26rvcnoligk9nrd2h0kc1g6npfe82i2.apps.googleusercontent.com&redirect_uri=http%3A%2F%2Flocalhost%3A56007%2F&scope=https%3A%2F%2Fwww.googleapis.com%2Fauth%2Fgmail.readonly+https%3A%2F%2Fwww.googleapis.com%2Fauth%2Fspreadsheets&state=TI4mO1FdIjaFZAHNEeNnZfo5oLJNqu&code_challenge=lpwa6QK3D5iV45tLENABT0AAW2unJY03aP5NSfoElqE&code_challenge_method=S256&access_type=offline
2026-03-12 21:07:22,630 [INFO] Starting Gmail → Google Sheets automation...
2026-03-12 21:07:22,631 [INFO] Monitoring: regenmarketing26@gmail.com
2026-03-12 21:07:22,631 [INFO] Sender filter: R.healey@arkleinsolvency.co.uk
2026-03-12 21:07:22,631 [INFO] Target sheet: UKDT Automation
2026-03-12 21:07:22,631 [INFO] Poll interval: 60s
2026-03-12 21:07:22,631 [INFO] Starting OAuth2 flow...
2026-03-12 21:07:54,680 [INFO] Starting Gmail → Google Sheets automation...
2026-03-12 21:07:54,680 [INFO] Monitoring: regenmarketing26@gmail.com
2026-03-12 21:07:54,680 [INFO] Sender filter: R.healey@arkleinsolvency.co.uk
2026-03-12 21:07:54,680 [INFO] Target sheet: UKDT Automation
2026-03-12 21:07:54,680 [INFO] Poll interval: 60s
2026-03-12 21:07:54,681 [INFO] Starting OAuth2 flow...
2026-03-12 21:07:54,884 [INFO] Please visit this URL to authorize this application: https://accounts.google.com/o/oauth2/auth?response_type=code&client_id=698753281448-rrcssld055rdem3an0cd38rjefqbm73q.apps.googleusercontent.com&redirect_uri=http%3A%2F%2Flocalhost%3A8080%2F&scope=https%3A%2F%2Fwww.googleapis.com%2Fauth%2Fgmail.readonly+https%3A%2F%2Fwww.googleapis.com%2Fauth%2Fspreadsheets&state=FRUMGSGIGq3DwWkCXxAbqnw9ich1PY&code_challenge=tiKULbsCIU0cFo2ovk_u-AtGTWRG3Tu5T3w38eETlf4&code_challenge_method=S256&access_type=offline
2026-03-12 21:14:41,973 [INFO] Starting Gmail → Google Sheets automation...
2026-03-12 21:14:41,973 [INFO] Monitoring: regenmarketing26@gmail.com
2026-03-12 21:14:41,973 [INFO] Sender filter: R.healey@arkleinsolvency.co.uk
2026-03-12 21:14:41,973 [INFO] Target sheet: UKDT Automation
2026-03-12 21:14:41,973 [INFO] Poll interval: 60s
2026-03-12 21:14:41,973 [INFO] Starting OAuth2 flow...
2026-03-12 21:14:42,190 [INFO] Please visit this URL to authorize this application: https://accounts.google.com/o/oauth2/auth?response_type=code&client_id=698753281448-09sttp1hfp5epdngcr7ol599m4mlc4l5.apps.googleusercontent.com&redirect_uri=http%3A%2F%2Flocalhost%3A8080%2F&scope=https%3A%2F%2Fwww.googleapis.com%2Fauth%2Fgmail.readonly+https%3A%2F%2Fwww.googleapis.com%2Fauth%2Fspreadsheets&state=L3WMy2JSav5mVvQBdU7EFKqGKUQYJi&code_challenge=j6pq_swPYcZVkNy28uOiD-E51cYy_yArPHY-K_A6rdc&code_challenge_method=S256&access_type=offline
2026-03-12 21:15:01,676 [INFO] "GET / HTTP/1.1" 200 65
2026-03-12 21:15:26,723 [INFO] Starting Gmail → Google Sheets automation...
2026-03-12 21:15:26,723 [INFO] Monitoring: regenmarketing26@gmail.com
2026-03-12 21:15:26,723 [INFO] Sender filter: R.healey@arkleinsolvency.co.uk
2026-03-12 21:15:26,723 [INFO] Target sheet: UKDT Automation
2026-03-12 21:15:26,723 [INFO] Poll interval: 60s
2026-03-12 21:15:26,723 [INFO] Starting OAuth2 flow...
2026-03-12 21:15:47,750 [INFO] Starting Gmail → Google Sheets automation...
2026-03-12 21:15:47,751 [INFO] Monitoring: regenmarketing26@gmail.com
2026-03-12 21:15:47,751 [INFO] Sender filter: R.healey@arkleinsolvency.co.uk
2026-03-12 21:15:47,751 [INFO] Target sheet: UKDT Automation
2026-03-12 21:15:47,751 [INFO] Poll interval: 60s
2026-03-12 21:15:47,751 [INFO] Starting OAuth2 flow...
2026-03-12 21:16:07,018 [INFO] Starting Gmail → Google Sheets automation...
2026-03-12 21:16:07,019 [INFO] Monitoring: regenmarketing26@gmail.com
2026-03-12 21:16:07,019 [INFO] Sender filter: R.healey@arkleinsolvency.co.uk
2026-03-12 21:16:07,019 [INFO] Target sheet: UKDT Automation
2026-03-12 21:16:07,019 [INFO] Poll interval: 60s
2026-03-12 21:16:07,019 [INFO] Starting OAuth2 flow...
2026-03-12 21:16:43,293 [INFO] Starting Gmail → Google Sheets automation...
2026-03-12 21:16:43,294 [INFO] Monitoring: regenmarketing26@gmail.com
2026-03-12 21:16:43,294 [INFO] Sender filter: R.healey@arkleinsolvency.co.uk
2026-03-12 21:16:43,294 [INFO] Target sheet: UKDT Automation
2026-03-12 21:16:43,294 [INFO] Poll interval: 60s
2026-03-12 21:16:43,294 [INFO] Starting OAuth2 flow...
2026-03-12 21:17:05,182 [INFO] Starting Gmail → Google Sheets automation...
2026-03-12 21:17:05,182 [INFO] Monitoring: regenmarketing26@gmail.com
2026-03-12 21:17:05,182 [INFO] Sender filter: R.healey@arkleinsolvency.co.uk
2026-03-12 21:17:05,182 [INFO] Target sheet: UKDT Automation
2026-03-12 21:17:05,182 [INFO] Poll interval: 60s
2026-03-12 21:17:05,183 [INFO] Starting OAuth2 flow...
2026-03-12 21:18:04,725 [INFO] Starting Gmail → Google Sheets automation...
2026-03-12 21:18:04,725 [INFO] Monitoring: regenmarketing26@gmail.com
2026-03-12 21:18:04,725 [INFO] Sender filter: R.healey@arkleinsolvency.co.uk
2026-03-12 21:18:04,725 [INFO] Target sheet: UKDT Automation
2026-03-12 21:18:04,725 [INFO] Poll interval: 60s
2026-03-12 21:18:04,725 [INFO] Starting OAuth2 flow...
2026-03-12 21:18:04,979 [INFO] Please visit this URL to authorize this application: https://accounts.google.com/o/oauth2/auth?response_type=code&client_id=698753281448-09sttp1hfp5epdngcr7ol599m4mlc4l5.apps.googleusercontent.com&redirect_uri=http%3A%2F%2Flocalhost%3A80%2F&scope=https%3A%2F%2Fwww.googleapis.com%2Fauth%2Fgmail.readonly+https%3A%2F%2Fwww.googleapis.com%2Fauth%2Fspreadsheets&state=09oOioGr2HD2CVzwZC6HmrwnJZ1rMV&code_challenge=RClWcceAxlq38d9NfV1qqBH9QNakS9aeasHA0O5iLrw&code_challenge_method=S256&access_type=offline
2026-03-12 21:18:53,969 [INFO] "GET /?state=09oOioGr2HD2CVzwZC6HmrwnJZ1rMV&iss=https://accounts.google.com&code=4/0AfrIepCob7f5JuHl7GzXr0hd3h3810aYRyco3M1SXiImk5BfH-90s9BvdfW_eLFKmJkyMA&scope=https://www.googleapis.com/auth/gmail.readonly%20https://www.googleapis.com/auth/spreadsheets HTTP/1.1" 200 65
2026-03-12 21:18:54,135 [INFO] Credentials saved to token.json.
2026-03-12 21:18:54,141 [INFO] file_cache is only supported with oauth2client<4.0.0
2026-03-12 21:18:54,143 [INFO] file_cache is only supported with oauth2client<4.0.0
2026-03-12 21:18:54,150 [INFO] Loaded 0 previously processed message ID(s).
2026-03-12 21:18:54,150 [INFO] ─── Poll cycle started ───
2026-03-12 21:18:54,294 [INFO] Found 1 total matching email(s) from R.healey@arkleinsolvency.co.uk.
2026-03-12 21:18:54,295 [INFO] 1 new (unprocessed) email(s) to handle.
2026-03-12 21:18:54,295 [INFO] Processing message ID: 19ce178b3954b384
2026-03-12 21:18:54,603 [INFO] Downloaded XLSX attachment: 12th march .xlsx (5,837 bytes)
2026-03-12 21:18:55,009 [ERROR] Failed to parse XLSX from message 19ce178b3954b384: XLSX is missing required columns: {'Customer Mobile'}
2026-03-12 21:18:55,009 [INFO] ─── Poll cycle complete ───
2026-03-12 21:18:55,009 [INFO] Sleeping 60s before next poll...
2026-03-12 21:19:55,026 [INFO] ─── Poll cycle started ───
2026-03-12 21:19:55,149 [INFO] Found 1 total matching email(s) from R.healey@arkleinsolvency.co.uk.
2026-03-12 21:19:55,149 [INFO] 1 new (unprocessed) email(s) to handle.
2026-03-12 21:19:55,149 [INFO] Processing message ID: 19ce178b3954b384
2026-03-12 21:19:55,386 [INFO] Downloaded XLSX attachment: 12th march .xlsx (5,837 bytes)
2026-03-12 21:19:55,533 [ERROR] Failed to parse XLSX from message 19ce178b3954b384: XLSX is missing required columns: {'Customer Mobile'}
2026-03-12 21:19:55,533 [INFO] ─── Poll cycle complete ───
2026-03-12 21:19:55,533 [INFO] Sleeping 60s before next poll...
2026-03-12 21:20:55,544 [INFO] ─── Poll cycle started ───
2026-03-12 21:20:55,673 [INFO] Found 1 total matching email(s) from R.healey@arkleinsolvency.co.uk.
2026-03-12 21:20:55,674 [INFO] 1 new (unprocessed) email(s) to handle.
2026-03-12 21:20:55,674 [INFO] Processing message ID: 19ce178b3954b384
2026-03-12 21:20:55,954 [INFO] Downloaded XLSX attachment: 12th march .xlsx (5,837 bytes)
2026-03-12 21:20:55,990 [ERROR] Failed to parse XLSX from message 19ce178b3954b384: XLSX is missing required columns: {'Customer Mobile'}
2026-03-12 21:20:55,991 [INFO] ─── Poll cycle complete ───
2026-03-12 21:20:55,991 [INFO] Sleeping 60s before next poll...
2026-03-12 21:21:56,005 [INFO] ─── Poll cycle started ───
2026-03-12 21:21:56,117 [INFO] Found 1 total matching email(s) from R.healey@arkleinsolvency.co.uk.
2026-03-12 21:21:56,117 [INFO] 1 new (unprocessed) email(s) to handle.
2026-03-12 21:21:56,117 [INFO] Processing message ID: 19ce178b3954b384
2026-03-12 21:21:56,319 [INFO] Downloaded XLSX attachment: 12th march .xlsx (5,837 bytes)
2026-03-12 21:21:56,367 [ERROR] Failed to parse XLSX from message 19ce178b3954b384: XLSX is missing required columns: {'Customer Mobile'}
2026-03-12 21:21:56,367 [INFO] ─── Poll cycle complete ───
2026-03-12 21:21:56,367 [INFO] Sleeping 60s before next poll...
2026-03-12 21:22:56,372 [INFO] ─── Poll cycle started ───
2026-03-12 21:22:56,470 [INFO] Found 1 total matching email(s) from R.healey@arkleinsolvency.co.uk.
2026-03-12 21:22:56,470 [INFO] 1 new (unprocessed) email(s) to handle.
2026-03-12 21:22:56,470 [INFO] Processing message ID: 19ce178b3954b384
2026-03-12 21:22:56,649 [INFO] Downloaded XLSX attachment: 12th march .xlsx (5,837 bytes)
2026-03-12 21:22:56,674 [ERROR] Failed to parse XLSX from message 19ce178b3954b384: XLSX is missing required columns: {'Customer Mobile'}
2026-03-12 21:22:56,675 [INFO] ─── Poll cycle complete ───
2026-03-12 21:22:56,675 [INFO] Sleeping 60s before next poll...
2026-03-12 21:24:01,390 [INFO] Starting Gmail → Google Sheets automation...
2026-03-12 21:24:01,390 [INFO] Monitoring: regenmarketing26@gmail.com
2026-03-12 21:24:01,390 [INFO] Sender filter: R.healey@arkleinsolvency.co.uk
2026-03-12 21:24:01,390 [INFO] Target sheet: UKDT Automation
2026-03-12 21:24:01,390 [INFO] Poll interval: 60s
2026-03-12 21:24:01,392 [INFO] file_cache is only supported with oauth2client<4.0.0
2026-03-12 21:24:01,393 [INFO] file_cache is only supported with oauth2client<4.0.0
2026-03-12 21:24:01,395 [INFO] Loaded 0 previously processed message ID(s).
2026-03-12 21:24:01,395 [INFO] ─── Poll cycle started ───
2026-03-12 21:24:01,544 [INFO] Found 1 total matching email(s) from R.healey@arkleinsolvency.co.uk.
2026-03-12 21:24:01,544 [INFO] 1 new (unprocessed) email(s) to handle.
2026-03-12 21:24:01,544 [INFO] Processing message ID: 19ce178b3954b384
2026-03-12 21:24:01,713 [INFO] Downloaded XLSX attachment: 12th march .xlsx (5,837 bytes)
2026-03-12 21:24:01,833 [INFO] XLSX processed: 9 valid row(s), 0 blank row(s) skipped.
2026-03-12 21:24:02,932 [INFO] Sheet tab 'UKDT Automation' not found — creating it...
2026-03-12 21:24:05,080 [INFO] Header row written.
2026-03-12 21:24:05,899 [INFO] Appended 9 row(s) to 'UKDT Automation'.
2026-03-12 21:24:05,901 [INFO] ✓ Message 19ce178b3954b384 fully processed — 9 row(s) written.
2026-03-12 21:24:05,901 [INFO] ─── Poll cycle complete ───
2026-03-12 21:24:05,901 [INFO] Sleeping 60s before next poll...
2026-03-12 21:25:05,904 [INFO] ─── Poll cycle started ───
2026-03-12 21:25:06,004 [INFO] Found 1 total matching email(s) from R.healey@arkleinsolvency.co.uk.
2026-03-12 21:25:06,004 [INFO] 0 new (unprocessed) email(s) to handle.
2026-03-12 21:25:06,005 [INFO] ─── Poll cycle complete ───
2026-03-12 21:25:06,005 [INFO] Sleeping 60s before next poll...
2026-03-12 21:26:06,007 [INFO] ─── Poll cycle started ───
2026-03-12 21:26:06,112 [INFO] Found 1 total matching email(s) from R.healey@arkleinsolvency.co.uk.
2026-03-12 21:26:06,112 [INFO] 0 new (unprocessed) email(s) to handle.
2026-03-12 21:26:06,112 [INFO] ─── Poll cycle complete ───
2026-03-12 21:26:06,113 [INFO] Sleeping 60s before next poll...
2026-03-12 21:27:07,198 [INFO] Starting Gmail → Google Sheets automation...
2026-03-12 21:27:07,198 [INFO] Monitoring: regenmarketing26@gmail.com
2026-03-12 21:27:07,198 [INFO] Sender filter: R.healey@arkleinsolvency.co.uk
2026-03-12 21:27:07,198 [INFO] Target sheet: UKDT Automation
2026-03-12 21:27:07,198 [INFO] Poll interval: 60s
2026-03-12 21:27:07,200 [INFO] file_cache is only supported with oauth2client<4.0.0
2026-03-12 21:27:07,202 [INFO] file_cache is only supported with oauth2client<4.0.0
2026-03-12 21:27:07,204 [INFO] Loaded 1 previously processed message ID(s).
2026-03-12 21:27:07,204 [INFO] ─── Poll cycle started ───
2026-03-12 21:27:07,349 [INFO] Found 1 total matching email(s) from R.healey@arkleinsolvency.co.uk.
2026-03-12 21:27:07,349 [INFO] 0 new (unprocessed) email(s) to handle.
2026-03-12 21:27:07,349 [INFO] ─── Poll cycle complete ───
2026-03-12 21:27:07,349 [INFO] Sleeping 60s before next poll...
2026-03-12 21:28:01,928 [INFO] Starting Gmail → Google Sheets automation...
2026-03-12 21:28:01,928 [INFO] Monitoring: regenmarketing26@gmail.com
2026-03-12 21:28:01,928 [INFO] Sender filter: R.healey@arkleinsolvency.co.uk
2026-03-12 21:28:01,928 [INFO] Target sheet: UKDT Automation
2026-03-12 21:28:01,928 [INFO] Poll interval: 60s
2026-03-12 21:28:01,929 [INFO] file_cache is only supported with oauth2client<4.0.0
2026-03-12 21:28:01,931 [INFO] file_cache is only supported with oauth2client<4.0.0
2026-03-12 21:28:01,932 [INFO] Loaded 1 previously processed message ID(s).
2026-03-12 21:28:01,932 [INFO] ─── Poll cycle started ───
2026-03-12 21:28:02,070 [INFO] Found 1 total matching email(s) from R.healey@arkleinsolvency.co.uk.
2026-03-12 21:28:02,070 [INFO] 0 new (unprocessed) email(s) to handle.
2026-03-12 21:28:02,070 [INFO] ─── Poll cycle complete ───
2026-03-12 21:28:02,070 [INFO] Sleeping 60s before next poll...
2026-03-12 21:28:50,312 [INFO] Starting Gmail → Google Sheets automation...
2026-03-12 21:28:50,312 [INFO] Monitoring: regenmarketing26@gmail.com
2026-03-12 21:28:50,312 [INFO] Sender filter: R.healey@arkleinsolvency.co.uk
2026-03-12 21:28:50,312 [INFO] Target sheet: UKDT Automation
2026-03-12 21:28:50,312 [INFO] Poll interval: 60s
2026-03-12 21:28:50,314 [INFO] file_cache is only supported with oauth2client<4.0.0
2026-03-12 21:28:50,315 [INFO] file_cache is only supported with oauth2client<4.0.0
2026-03-12 21:28:50,317 [INFO] Loaded 0 previously processed message ID(s).
2026-03-12 21:28:50,317 [INFO] ─── Poll cycle started ───
2026-03-12 21:28:50,447 [INFO] Found 1 total matching email(s) from R.healey@arkleinsolvency.co.uk.
2026-03-12 21:28:50,447 [INFO] 1 new (unprocessed) email(s) to handle.
2026-03-12 21:28:50,448 [INFO] Processing message ID: 19ce178b3954b384
2026-03-12 21:28:50,635 [INFO] Downloaded XLSX attachment: 12th march .xlsx (5,837 bytes)
2026-03-12 21:28:50,753 [INFO] XLSX processed: 9 valid row(s), 0 blank row(s) skipped.
2026-03-12 21:28:53,031 [INFO] Appended 9 row(s) to 'UKDT Automation'.
2026-03-12 21:28:53,031 [INFO] ✓ Message 19ce178b3954b384 fully processed — 9 row(s) written.
2026-03-12 21:28:53,032 [INFO] ─── Poll cycle complete ───
2026-03-12 21:28:53,032 [INFO] Sleeping 60s before next poll...
2026-03-12 21:29:53,034 [INFO] ─── Poll cycle started ───
2026-03-12 21:29:53,145 [INFO] Found 1 total matching email(s) from R.healey@arkleinsolvency.co.uk.
2026-03-12 21:29:53,145 [INFO] 0 new (unprocessed) email(s) to handle.
2026-03-12 21:29:53,145 [INFO] ─── Poll cycle complete ───
2026-03-12 21:29:53,145 [INFO] Sleeping 60s before next poll...
2026-03-12 21:30:53,149 [INFO] ─── Poll cycle started ───
2026-03-12 21:30:53,256 [INFO] Found 1 total matching email(s) from R.healey@arkleinsolvency.co.uk.
2026-03-12 21:30:53,256 [INFO] 0 new (unprocessed) email(s) to handle.
2026-03-12 21:30:53,256 [INFO] ─── Poll cycle complete ───
2026-03-12 21:30:53,256 [INFO] Sleeping 60s before next poll...
2026-03-12 21:31:53,259 [INFO] ─── Poll cycle started ───
2026-03-12 21:31:53,351 [INFO] Found 1 total matching email(s) from R.healey@arkleinsolvency.co.uk.
2026-03-12 21:31:53,351 [INFO] 0 new (unprocessed) email(s) to handle.
2026-03-12 21:31:53,351 [INFO] ─── Poll cycle complete ───
2026-03-12 21:31:53,351 [INFO] Sleeping 60s before next poll...
2026-03-12 21:32:53,357 [INFO] ─── Poll cycle started ───
2026-03-12 21:32:53,462 [INFO] Found 1 total matching email(s) from R.healey@arkleinsolvency.co.uk.
2026-03-12 21:32:53,462 [INFO] 0 new (unprocessed) email(s) to handle.
2026-03-12 21:32:53,462 [INFO] ─── Poll cycle complete ───
2026-03-12 21:32:53,462 [INFO] Sleeping 60s before next poll...
2026-03-12 21:33:53,467 [INFO] ─── Poll cycle started ───
2026-03-12 21:33:53,569 [INFO] Found 1 total matching email(s) from R.healey@arkleinsolvency.co.uk.
2026-03-12 21:33:53,569 [INFO] 0 new (unprocessed) email(s) to handle.
2026-03-12 21:33:53,569 [INFO] ─── Poll cycle complete ───
2026-03-12 21:33:53,569 [INFO] Sleeping 60s before next poll...
2026-03-12 21:34:49,084 [INFO] Starting Gmail → Google Sheets automation...
2026-03-12 21:34:49,085 [INFO] Monitoring: regenmarketing26@gmail.com
2026-03-12 21:34:49,085 [INFO] Sender filter: R.healey@arkleinsolvency.co.uk
2026-03-12 21:34:49,085 [INFO] Target sheet: UKDT Automation
2026-03-12 21:34:49,085 [INFO] Poll interval: 60s
2026-03-12 21:34:49,086 [INFO] file_cache is only supported with oauth2client<4.0.0
2026-03-12 21:34:49,088 [INFO] file_cache is only supported with oauth2client<4.0.0
2026-03-12 21:34:49,090 [INFO] Loaded 0 previously processed message ID(s).
2026-03-12 21:34:49,090 [INFO] ─── Poll cycle started ───
2026-03-12 21:34:49,251 [INFO] Found 1 total matching email(s) from R.healey@arkleinsolvency.co.uk.
2026-03-12 21:34:49,252 [INFO] 1 new (unprocessed) email(s) to handle.
2026-03-12 21:34:49,252 [INFO] Processing message ID: 19ce178b3954b384
2026-03-12 21:34:49,445 [INFO] Downloaded XLSX attachment: 12th march .xlsx (5,837 bytes)
2026-03-12 21:34:49,566 [INFO] XLSX processed: 9 valid row(s), 0 blank row(s) skipped.
2026-03-12 21:34:50,984 [INFO] Appended 9 row(s) to 'UKDT Automation'.
2026-03-12 21:34:50,986 [INFO] ✓ Message 19ce178b3954b384 fully processed — 9 row(s) written.
2026-03-12 21:34:50,986 [INFO] ─── Poll cycle complete ───
2026-03-12 21:34:50,986 [INFO] Sleeping 60s before next poll...
2026-03-12 21:35:20,597 [INFO] Starting Gmail → Google Sheets automation...
2026-03-12 21:35:20,597 [INFO] Monitoring: regenmarketing26@gmail.com
2026-03-12 21:35:20,597 [INFO] Sender filter: R.healey@arkleinsolvency.co.uk
2026-03-12 21:35:20,597 [INFO] Target sheet: Sheet1
2026-03-12 21:35:20,597 [INFO] Poll interval: 60s
2026-03-12 21:35:20,598 [INFO] file_cache is only supported with oauth2client<4.0.0
2026-03-12 21:35:20,600 [INFO] file_cache is only supported with oauth2client<4.0.0
2026-03-12 21:35:20,602 [INFO] Loaded 0 previously processed message ID(s).
2026-03-12 21:35:20,602 [INFO] ─── Poll cycle started ───
2026-03-12 21:35:20,740 [INFO] Found 1 total matching email(s) from R.healey@arkleinsolvency.co.uk.
2026-03-12 21:35:20,740 [INFO] 1 new (unprocessed) email(s) to handle.
2026-03-12 21:35:20,740 [INFO] Processing message ID: 19ce178b3954b384
2026-03-12 21:35:20,913 [INFO] Downloaded XLSX attachment: 12th march .xlsx (5,837 bytes)
2026-03-12 21:35:21,045 [INFO] XLSX processed: 9 valid row(s), 0 blank row(s) skipped.
2026-03-12 21:35:22,358 [INFO] Appended 9 row(s) to 'Sheet1'.
2026-03-12 21:35:22,359 [INFO] ✓ Message 19ce178b3954b384 fully processed — 9 row(s) written.
2026-03-12 21:35:22,359 [INFO] ─── Poll cycle complete ───
2026-03-12 21:35:22,360 [INFO] Sleeping 60s before next poll...
2026-03-12 21:36:22,360 [INFO] ─── Poll cycle started ───
2026-03-12 21:36:22,469 [INFO] Found 1 total matching email(s) from R.healey@arkleinsolvency.co.uk.
2026-03-12 21:36:22,469 [INFO] 0 new (unprocessed) email(s) to handle.
2026-03-12 21:36:22,469 [INFO] ─── Poll cycle complete ───
2026-03-12 21:36:22,469 [INFO] Sleeping 60s before next poll...
2026-03-12 21:37:22,473 [INFO] ─── Poll cycle started ───
2026-03-12 21:37:22,567 [INFO] Found 1 total matching email(s) from R.healey@arkleinsolvency.co.uk.
2026-03-12 21:37:22,568 [INFO] 0 new (unprocessed) email(s) to handle.
2026-03-12 21:37:22,569 [INFO] ─── Poll cycle complete ───
2026-03-12 21:37:22,569 [INFO] Sleeping 60s before next poll...
2026-03-12 21:38:22,572 [INFO] ─── Poll cycle started ───
2026-03-12 21:38:22,690 [INFO] Found 1 total matching email(s) from R.healey@arkleinsolvency.co.uk.
2026-03-12 21:38:22,690 [INFO] 0 new (unprocessed) email(s) to handle.
2026-03-12 21:38:22,691 [INFO] ─── Poll cycle complete ───
2026-03-12 21:38:22,691 [INFO] Sleeping 60s before next poll...
2026-03-12 21:39:22,694 [INFO] ─── Poll cycle started ───
2026-03-12 21:39:22,792 [INFO] Found 1 total matching email(s) from R.healey@arkleinsolvency.co.uk.
2026-03-12 21:39:22,792 [INFO] 0 new (unprocessed) email(s) to handle.
2026-03-12 21:39:22,792 [INFO] ─── Poll cycle complete ───
2026-03-12 21:39:22,793 [INFO] Sleeping 60s before next poll...
2026-03-12 21:40:22,798 [INFO] ─── Poll cycle started ───
2026-03-12 21:40:22,916 [INFO] Found 1 total matching email(s) from R.healey@arkleinsolvency.co.uk.
2026-03-12 21:40:22,916 [INFO] 0 new (unprocessed) email(s) to handle.
2026-03-12 21:40:22,917 [INFO] ─── Poll cycle complete ───
2026-03-12 21:40:22,917 [INFO] Sleeping 60s before next poll...
2026-03-12 21:41:22,920 [INFO] ─── Poll cycle started ───
2026-03-12 21:41:23,036 [INFO] Found 1 total matching email(s) from R.healey@arkleinsolvency.co.uk.
2026-03-12 21:41:23,037 [INFO] 0 new (unprocessed) email(s) to handle.
2026-03-12 21:41:23,038 [INFO] ─── Poll cycle complete ───
2026-03-12 21:41:23,038 [INFO] Sleeping 60s before next poll...
2026-03-12 21:42:23,042 [INFO] ─── Poll cycle started ───
2026-03-12 21:42:23,140 [INFO] Found 1 total matching email(s) from R.healey@arkleinsolvency.co.uk.
2026-03-12 21:42:23,141 [INFO] 0 new (unprocessed) email(s) to handle.
2026-03-12 21:42:23,141 [INFO] ─── Poll cycle complete ───
2026-03-12 21:42:23,141 [INFO] Sleeping 60s before next poll...
2026-03-12 21:43:23,146 [INFO] ─── Poll cycle started ───
2026-03-12 21:43:23,241 [INFO] Found 1 total matching email(s) from R.healey@arkleinsolvency.co.uk.
2026-03-12 21:43:23,241 [INFO] 0 new (unprocessed) email(s) to handle.
2026-03-12 21:43:23,241 [INFO] ─── Poll cycle complete ───
2026-03-12 21:43:23,242 [INFO] Sleeping 60s before next poll...
2026-03-12 21:44:23,247 [INFO] ─── Poll cycle started ───
2026-03-12 21:44:23,341 [INFO] Found 1 total matching email(s) from R.healey@arkleinsolvency.co.uk.
2026-03-12 21:44:23,341 [INFO] 0 new (unprocessed) email(s) to handle.
2026-03-12 21:44:23,341 [INFO] ─── Poll cycle complete ───
2026-03-12 21:44:23,341 [INFO] Sleeping 60s before next poll...
2026-03-12 21:45:23,348 [INFO] ─── Poll cycle started ───
2026-03-12 21:45:23,460 [INFO] Found 1 total matching email(s) from R.healey@arkleinsolvency.co.uk.
2026-03-12 21:45:23,461 [INFO] 0 new (unprocessed) email(s) to handle.
2026-03-12 21:45:23,461 [INFO] ─── Poll cycle complete ───
2026-03-12 21:45:23,461 [INFO] Sleeping 60s before next poll...
2026-03-12 21:46:23,469 [INFO] ─── Poll cycle started ───
2026-03-12 21:46:23,573 [INFO] Found 1 total matching email(s) from R.healey@arkleinsolvency.co.uk.
2026-03-12 21:46:23,573 [INFO] 0 new (unprocessed) email(s) to handle.
2026-03-12 21:46:23,573 [INFO] ─── Poll cycle complete ───
2026-03-12 21:46:23,573 [INFO] Sleeping 60s before next poll...
2026-03-12 21:47:23,577 [INFO] ─── Poll cycle started ───
2026-03-12 21:47:23,683 [INFO] Found 1 total matching email(s) from R.healey@arkleinsolvency.co.uk.
2026-03-12 21:47:23,683 [INFO] 0 new (unprocessed) email(s) to handle.
2026-03-12 21:47:23,684 [INFO] ─── Poll cycle complete ───
2026-03-12 21:47:23,684 [INFO] Sleeping 60s before next poll...
2026-03-12 21:48:23,692 [INFO] ─── Poll cycle started ───
2026-03-12 21:48:23,796 [INFO] Found 1 total matching email(s) from R.healey@arkleinsolvency.co.uk.
2026-03-12 21:48:23,796 [INFO] 0 new (unprocessed) email(s) to handle.
2026-03-12 21:48:23,796 [INFO] ─── Poll cycle complete ───
2026-03-12 21:48:23,796 [INFO] Sleeping 60s before next poll...
2026-03-12 21:49:23,805 [INFO] ─── Poll cycle started ───
2026-03-12 21:49:23,910 [INFO] Found 1 total matching email(s) from R.healey@arkleinsolvency.co.uk.
2026-03-12 21:49:23,910 [INFO] 0 new (unprocessed) email(s) to handle.
2026-03-12 21:49:23,910 [INFO] ─── Poll cycle complete ───
2026-03-12 21:49:23,910 [INFO] Sleeping 60s before next poll...
2026-03-12 21:50:23,937 [INFO] ─── Poll cycle started ───
2026-03-12 21:50:24,069 [INFO] Found 1 total matching email(s) from R.healey@arkleinsolvency.co.uk.
2026-03-12 21:50:24,069 [INFO] 0 new (unprocessed) email(s) to handle.
2026-03-12 21:50:24,069 [INFO] ─── Poll cycle complete ───
2026-03-12 21:50:24,069 [INFO] Sleeping 60s before next poll...
2026-03-12 21:51:24,073 [INFO] ─── Poll cycle started ───
2026-03-12 21:51:24,156 [INFO] Found 1 total matching email(s) from R.healey@arkleinsolvency.co.uk.
2026-03-12 21:51:24,156 [INFO] 0 new (unprocessed) email(s) to handle.
2026-03-12 21:51:24,156 [INFO] ─── Poll cycle complete ───
2026-03-12 21:51:24,157 [INFO] Sleeping 60s before next poll...
2026-03-12 21:52:24,166 [INFO] ─── Poll cycle started ───
2026-03-12 21:52:24,263 [INFO] Found 1 total matching email(s) from R.healey@arkleinsolvency.co.uk.
2026-03-12 21:52:24,263 [INFO] 0 new (unprocessed) email(s) to handle.
2026-03-12 21:52:24,263 [INFO] ─── Poll cycle complete ───
2026-03-12 21:52:24,264 [INFO] Sleeping 60s before next poll...
2026-03-12 21:53:24,272 [INFO] ─── Poll cycle started ───
2026-03-12 21:53:24,367 [INFO] Found 1 total matching email(s) from R.healey@arkleinsolvency.co.uk.
2026-03-12 21:53:24,367 [INFO] 0 new (unprocessed) email(s) to handle.
2026-03-12 21:53:24,367 [INFO] ─── Poll cycle complete ───
2026-03-12 21:53:24,367 [INFO] Sleeping 60s before next poll...
2026-03-23 13:40:48,965 [INFO] Starting Gmail → Google Sheets automation...
2026-03-23 13:40:48,965 [INFO] Monitoring: regenmarketing26@gmail.com
2026-03-23 13:40:48,965 [INFO] Sender filter: R.healey@arkleinsolvency.co.uk
2026-03-23 13:40:48,965 [INFO] Target sheet: Sheet1
2026-03-23 13:40:48,965 [INFO] Poll interval: 60s
2026-03-23 13:40:48,965 [INFO] Starting OAuth2 flow...
2026-03-23 13:41:57,464 [INFO] Starting Gmail → Google Sheets automation...
2026-03-23 13:41:57,464 [INFO] Monitoring: regenmarketing26@gmail.com
2026-03-23 13:41:57,464 [INFO] Sender filter: R.healey@arkleinsolvency.co.uk
2026-03-23 13:41:57,464 [INFO] Target sheet: Sheet1
2026-03-23 13:41:57,465 [INFO] Poll interval: 60s
2026-03-23 13:41:57,465 [INFO] Starting OAuth2 flow...
