2026-10-09T00:01:36Z UP   equity=1932.06 open=0 today=+0.00
2026-10-09T00:11:41Z UP   equity=1932.06 open=0 today=+0.00
2026-10-09T00:21:46Z UP   equity=1932.06 open=0 today=+0.00
2026-10-09T00:31:51Z UP   equity=1932.06 open=0 today=+0.00
2026-10-09T00:41:56Z UP   equity=1932.06 open=0 today=+0.00
2026-10-09T00:52:00Z UP   equity=1932.06 open=0 today=+0.00
2026-10-09T01:02:06Z UP   equity=1932.06 open=0 today=+0.00
2026-10-09T01:12:11Z UP   equity=1932.06 open=0 today=+0.00
2026-10-09T01:22:17Z UP   equity=1932.06 open=0 today=+0.00
2026-10-09T01:32:21Z UP   equity=1932.06 open=0 today=+0.00
2026-10-09T01:42:26Z UP   equity=1932.06 open=0 today=+0.00
2026-10-09T01:52:31Z UP   equity=1932.06 open=0 today=+0.00
2026-10-09T02:02:35Z UP   equity=1932.06 open=0 today=+0.00
2026-10-09T02:12:40Z UP   equity=1932.06 open=0 today=+0.00
2026-10-09T02:22:45Z UP   equity=1932.06 open=0 today=+0.00
2026-10-09T02:32:49Z UP   equity=1932.06 open=0 today=+0.00
2026-10-09T02:42:54Z UP   equity=1932.06 open=0 today=+0.00
2026-10-09T02:52:59Z UP   equity=1932.06 open=0 today=+0.00
2026-10-09T03:03:03Z UP   equity=1932.06 open=0 today=+0.00
2026-10-09T03:13:08Z UP   equity=1932.06 open=0 today=+0.00
2026-10-09T03:23:12Z UP   equity=1932.06 open=0 today=+0.00
2026-10-09T03:33:17Z UP   equity=1932.06 open=0 today=+0.00
2026-10-09T03:43:21Z UP   equity=1932.06 open=0 today=+0.00
2026-10-09T03:53:26Z UP   equity=1932.06 open=0 today=+0.00
2026-10-09T04:03:31Z UP   equity=1932.06 open=0 today=+0.00
2026-10-09T04:13:35Z UP   equity=1932.06 open=0 today=+0.00
2026-10-09T04:23:41Z UP   equity=1932.06 open=0 today=+0.00
2026-10-09T04:33:45Z UP   equity=1932.06 open=0 today=+0.00
2026-10-09T04:43:50Z UP   equity=1932.06 open=0 today=+0.00
2026-10-09T04:53:54Z UP   equity=1932.06 open=0 today=+0.00
2026-10-09T05:03:59Z UP   equity=1932.06 open=0 today=+0.00
2026-10-09T05:14:03Z UP   equity=1932.06 open=0 today=+0.00
2026-10-09T05:24:08Z UP   equity=1932.06 open=0 today=+0.00
2026-10-09T05:34:13Z UP   equity=1932.06 open=0 today=+0.00
2026-10-09T05:44:18Z UP   equity=1932.06 open=0 today=+0.00
2026-10-09T05:54:22Z UP   equity=1932.06 open=0 today=+0.00
2026-10-09T06:04:27Z UP   equity=1932.06 open=0 today=+0.00
2026-10-09T06:14:38Z UP   equity=1932.06 open=0 today=+0.00
2026-10-09T06:24:42Z UP   equity=1932.06 open=0 today=+0.00
2026-10-09T06:34:47Z UP   equity=1932.06 open=0 today=+0.00
2026-10-09T06:44:52Z UP   equity=1932.06 open=0 today=+0.00
2026-10-09T06:54:56Z UP   equity=1932.06 open=0 today=+0.00
2026-10-09T07:05:01Z UP   equity=1932.06 open=0 today=+0.00
2026-10-09T07:15:05Z UP   equity=1932.06 open=0 today=+0.00
2026-10-09T07:25:10Z UP   equity=1932.06 open=0 today=+0.00
2026-10-09T07:35:15Z UP   equity=1932.06 open=0 today=+0.00
2026-10-09T07:45:20Z UP   equity=1932.06 open=0 today=+0.00
2026-10-09T07:55:26Z UP   equity=1932.06 open=0 today=+0.00
2026-10-09T08:05:30Z UP   equity=1932.06 open=0 today=+0.00
2026-10-09T08:15:35Z UP   equity=1932.06 open=0 today=+0.00
2026-10-09T08:25:40Z UP   equity=1932.06 open=0 today=+0.00
2026-10-09T08:35:45Z UP   equity=1932.06 open=0 today=+0.00
2026-10-09T08:45:50Z UP   equity=1932.06 open=0 today=+0.00
2026-10-09T08:46:48Z DOWN trader running but MetaTrader is not connected
2026-10-09T08:56:54Z UP   equity=1939.00 open=2 today=-7.11 tnb=PAPER tnb_practice=+0.00
2026-10-09T09:06:59Z UP   equity=1921.10 open=0 today=-20.26 tnb=PAPER tnb_practice=+0.00
2026-10-09T09:17:06Z UP   equity=1919.20 open=0 today=-22.16 tnb=PAPER tnb_practice=+0.00
2026-10-09T09:27:12Z UP   equity=1919.20 open=0 today=-22.16 tnb=PAPER tnb_practice=+0.00
2026-10-09T09:37:17Z UP   equity=1919.20 open=0 today=-22.16 tnb=PAPER tnb_practice=+0.00
2026-10-09T09:47:22Z UP   equity=1917.52 open=1 today=-22.74 tnb=PAPER tnb_practice=+0.00
2026-10-09T09:57:26Z UP   equity=1915.03 open=0 today=-26.33 tnb=PAPER tnb_practice=+0.00
2026-10-09T10:07:31Z UP   equity=1911.61 open=0 today=-29.75 tnb=PAPER tnb_practice=+0.00
2026-10-09T10:17:37Z UP   equity=1908.45 open=0 today=-32.91 tnb=PAPER tnb_practice=+0.00
2026-10-09T10:27:41Z UP   equity=1906.65 open=0 today=-34.71 tnb=PAPER tnb_practice=+0.00
2026-10-09T10:37:46Z UP   equity=1906.65 open=0 today=-34.71 tnb=PAPER tnb_practice=+0.00
2026-10-09T10:47:50Z UP   equity=1908.48 open=2 today=-35.07 tnb=PAPER tnb_practice=+0.00
2026-10-09T10:57:55Z UP   equity=1906.43 open=1 today=-39.84 tnb=PAPER tnb_practice=+2.50
2026-10-09T11:08:00Z UP   equity=1908.29 open=0 today=-33.07 tnb=PAPER tnb_practice=+2.50
2026-10-09T11:18:06Z UP   equity=1908.29 open=0 today=-33.07 tnb=PAPER tnb_practice=+2.50
2026-10-09T11:28:11Z UP   equity=1908.29 open=0 today=-33.07 tnb=PAPER tnb_practice=+2.50
2026-10-09T11:38:16Z UP   equity=1907.15 open=0 today=-34.21 tnb=PAPER tnb_practice=+2.50
2026-10-09T11:48:21Z UP   equity=1907.15 open=0 today=-34.21 tnb=PAPER tnb_practice=+2.50
2026-10-09T11:58:26Z UP   equity=1907.15 open=0 today=-34.21 tnb=PAPER tnb_practice=+2.50
2026-10-09T12:05:32Z UP   equity=1907.15 open=0 today=-34.21 tnb=PAPER tnb_practice=+5.89
2026-10-09T12:15:38Z UP   equity=1890.66 open=1 today=-41.53 tnb=PAPER tnb_practice=+5.89
2026-10-09T12:25:45Z UP   equity=1884.54 open=0 today=-47.52 tnb=PAPER tnb_practice=+5.89
2026-10-09T12:35:52Z UP   equity=1913.79 open=4 today=-25.09 tnb=PAPER tnb_practice=-15.93
2026-10-09T12:36:46Z DOWN trader alive (heartbeat 2s ago) but its page is not answering; watchdog alive; watchdog last said: 2026-10-09T12:06:21.793748+00:00 ian: started (pid 18139), next retry no sooner than 20s; bridge not answering; MetaTrader terminal running
2026-10-09T12:46:53Z UP   equity=1896.35 open=1 today=-35.35 tnb=PAPER tnb_practice=-66.06
2026-10-09T12:56:59Z UP   equity=1896.97 open=0 today=-35.09 tnb=PAPER tnb_practice=-66.06
2026-10-09T13:07:06Z UP   equity=1896.97 open=0 today=-35.09 tnb=PAPER tnb_practice=-66.06
2026-10-09T13:17:13Z UP   equity=1893.41 open=0 today=-38.65 tnb=PAPER tnb_practice=-66.06
2026-10-09T13:27:22Z UP   equity=1893.41 open=0 today=-38.65 tnb=PAPER tnb_practice=-66.06
2026-10-09T13:37:29Z UP   equity=1893.89 open=1 today=-38.65 tnb=PAPER tnb_practice=-66.06
2026-10-09T13:47:35Z UP   equity=1885.24 open=2 today=-45.85 tnb=PAPER tnb_practice=-66.06
2026-10-09T13:57:41Z UP   equity=1879.66 open=2 today=-50.41 tnb=PAPER tnb_practice=-66.06
2026-10-09T14:07:49Z UP   equity=1876.23 open=1 today=-58.63 tnb=PAPER tnb_practice=-66.06
2026-10-09T14:17:56Z UP   equity=1879.03 open=0 today=-53.03 tnb=PAPER tnb_practice=-66.06
2026-10-09T14:28:03Z UP   equity=1879.03 open=0 today=-53.03 tnb=PAPER tnb_practice=-66.06
2026-10-09T14:38:10Z UP   equity=1878.75 open=1 today=-53.03 tnb=PAPER tnb_practice=-66.06
2026-10-09T14:48:16Z UP   equity=1880.98 open=0 today=-51.08 tnb=PAPER tnb_practice=-66.06
2026-10-09T14:58:23Z UP   equity=1880.98 open=0 today=-51.08 tnb=PAPER tnb_practice=-66.06
2026-10-09T15:08:29Z UP   equity=1880.98 open=0 today=-51.08 tnb=PAPER tnb_practice=-66.06
2026-10-09T15:18:35Z UP   equity=1879.14 open=0 today=-52.92 tnb=PAPER tnb_practice=-66.06
2026-10-09T15:28:42Z UP   equity=1879.14 open=0 today=-52.92 tnb=PAPER tnb_practice=-66.06
2026-10-09T15:36:02Z DOWN trader alive (heartbeat 2s ago) but its page is not answering; watchdog alive; watchdog last said: 2026-10-09T12:37:36.581589+00:00 ian: started (pid 23536), next retry no sooner than 20s; bridge not answering; MetaTrader terminal running
2026-10-09T15:46:08Z UP   equity=1876.52 open=1 today=-55.28 tnb=PAPER tnb_practice=-66.06
2026-10-09T15:56:15Z UP   equity=1874.33 open=0 today=-57.73 tnb=PAPER tnb_practice=-66.06
2026-10-09T16:06:21Z UP   equity=1872.67 open=0 today=-59.39 tnb=PAPER tnb_practice=-66.06
2026-10-09T16:16:28Z UP   equity=1872.67 open=0 today=-59.39 tnb=PAPER tnb_practice=-66.06
2026-10-09T16:26:35Z UP   equity=1872.67 open=0 today=-59.39 tnb=PAPER tnb_practice=-66.06
2026-10-09T16:36:41Z UP   equity=1872.67 open=0 today=-59.39 tnb=PAPER tnb_practice=-66.06
2026-10-09T16:46:48Z UP   equity=1872.67 open=0 today=-59.39 tnb=PAPER tnb_practice=-66.06
2026-10-09T16:56:54Z UP   equity=1872.67 open=0 today=-59.39 tnb=PAPER tnb_practice=-66.06
2026-10-09T17:07:02Z UP   equity=1872.67 open=0 today=-59.39 tnb=PAPER tnb_practice=-66.06
2026-10-09T17:17:07Z UP   equity=1872.67 open=0 today=-59.39 tnb=PAPER tnb_practice=-66.06
2026-10-09T17:27:14Z UP   equity=1872.67 open=0 today=-59.39 tnb=PAPER tnb_practice=-66.06
2026-10-09T17:37:20Z UP   equity=1872.67 open=0 today=-59.39 tnb=PAPER tnb_practice=-66.06
2026-10-09T17:47:26Z UP   equity=1872.67 open=0 today=-59.39 tnb=PAPER tnb_practice=-66.06
2026-10-09T17:57:33Z UP   equity=1872.67 open=0 today=-59.39 tnb=PAPER tnb_practice=-66.06
2026-10-09T18:07:40Z UP   equity=1872.67 open=0 today=-59.39 tnb=PAPER tnb_practice=-66.06
2026-10-09T18:17:47Z UP   equity=1872.67 open=0 today=-59.39 tnb=PAPER tnb_practice=-66.06
2026-10-09T18:27:53Z UP   equity=1872.67 open=0 today=-59.39 tnb=PAPER tnb_practice=-66.06
2026-10-09T18:38:00Z UP   equity=1872.67 open=0 today=-59.39 tnb=PAPER tnb_practice=-66.06
2026-10-09T18:48:06Z UP   equity=1872.67 open=0 today=-59.39 tnb=PAPER tnb_practice=-66.06
2026-10-09T18:58:13Z UP   equity=1872.67 open=0 today=-59.39 tnb=PAPER tnb_practice=-66.06
2026-10-09T19:08:20Z UP   equity=1872.67 open=0 today=-59.39 tnb=PAPER tnb_practice=-66.06
2026-10-09T19:18:26Z UP   equity=1872.67 open=0 today=-59.39 tnb=PAPER tnb_practice=-66.06
2026-10-09T19:28:33Z UP   equity=1872.67 open=0 today=-59.39 tnb=PAPER tnb_practice=-66.06
2026-10-09T19:38:40Z UP   equity=1872.67 open=0 today=-59.39 tnb=PAPER tnb_practice=-66.06
2026-10-09T19:48:47Z UP   equity=1872.67 open=0 today=-59.39 tnb=PAPER tnb_practice=-66.06
2026-10-09T19:58:54Z UP   equity=1872.67 open=0 today=-59.39 tnb=PAPER tnb_practice=-66.06
2026-10-09T20:09:00Z UP   equity=1872.67 open=0 today=-59.39 tnb=PAPER tnb_practice=-66.06
2026-10-09T20:19:07Z UP   equity=1872.67 open=0 today=-59.39 tnb=PAPER tnb_practice=-66.06
2026-10-09T20:29:14Z UP   equity=1872.67 open=0 today=-59.39 tnb=PAPER tnb_practice=-66.06
2026-10-09T20:39:21Z UP   equity=1872.67 open=0 today=-59.39 tnb=PAPER tnb_practice=-66.06
2026-10-09T20:49:28Z UP   equity=1872.67 open=0 today=-59.39 tnb=PAPER tnb_practice=-66.06
2026-10-09T20:59:36Z DOWN trader reports SAFE MODE: SAFE MODE - price data is stale - the freshest price is 151s old
2026-10-09T21:09:42Z UP   equity=1872.67 open=0 today=-59.39 tnb=PAPER tnb_practice=-66.06
